09/23 08:29:27.992: [amf] INFO: [Removed] Number of AMF-UEs is now 0 (../src/amf/context.c:1846)
09/23 08:34:17.404: [amf] INFO: InitialUEMessage (../src/amf/ngap-handler.c:668)
09/23 08:34:17.405: [amf] INFO: [Added] Number of gNB-UEs is now 1 (../src/amf/context.c:2979)
09/23 08:34:17.405: [amf] INFO:     RAN_UE_NGAP_ID[4] AMF_UE_NGAP_ID[4] TAC[1] CellID[0x10] (../src/amf/ngap-handler.c:884)
09/23 08:34:17.405: [amf] INFO: [suci-0-001-01-0000-0-0-1234567895] Unknown UE by SUCI (../src/amf/context.c:1981)
09/23 08:34:17.405: [amf] INFO: [Added] Number of AMF-UEs is now 1 (../src/amf/context.c:1746)
09/23 08:34:17.405: [gmm] INFO: Registration request (../src/amf/gmm-sm.c:1706)
09/23 08:34:17.405: [gmm] INFO: [suci-0-001-01-0000-0-0-1234567895]    SUCI (../src/amf/gmm-handler.c:186)
09/23 08:34:17.405: [sbi] INFO: [ff708e2a-b71d-41f1-b3ed-77726c46daa6] Setup NF Instance [type:AUSF] (../lib/sbi/path.c:349)
09/23 08:34:17.412: [amf] INFO: Setup NF EndPoint(addr) [172.22.0.11:7777] (../src/amf/nausf-handler.c:130)
09/23 08:34:17.413: [gmm] WARNING: [suci-0-001-01-0000-0-0-1234567895] Authentication failure [21] (../src/amf/gmm-sm.c:2181)
09/23 08:34:17.413: [gmm] WARNING: [suci-0-001-01-0000-0-0-1234567895] Authentication failure(Synch failure[count=0]) (../src/amf/gmm-sm.c:2210)
09/23 08:34:17.415: [gmm] ERROR: [suci-0-001-01-0000-0-0-1234567895] HTTP response error [401] (../src/amf/gmm-sm.c:2330)
09/23 08:34:17.415: [amf] WARNING: [suci-0-001-01-0000-0-0-1234567895] Registration reject [111] (../src/amf/nas-path.c:213)
09/23 08:34:17.415: [gmm] WARNING: [(null)] Failure in transaction; no context restoration. (../src/amf/gmm-sm.c:2338)
09/23 08:34:17.416: [amf] INFO: UE Context Release [Action:3] (../src/amf/ngap-handler.c:2048)
09/23 08:34:17.416: [amf] INFO:     RAN_UE_NGAP_ID[4] AMF_UE_NGAP_ID[4] (../src/amf/ngap-handler.c:2049)
09/23 08:34:17.416: [amf] INFO:     SUCI[suci-0-001-01-0000-0-0-1234567895] (../src/amf/ngap-handler.c:2053)
09/23 08:34:17.416: [amf] INFO: [Removed] Number of gNB-UEs is now 0 (../src/amf/context.c:2986)
09/23 08:34:17.416: [amf] INFO: [Removed] Number of AMF-UEs is now 0 (../src/amf/context.c:1846)
Open5GS daemon v2.8.0-48-gf87da61

09/27 07:46:41.313: [app] INFO: Configuration: '/open5gs/install/etc/open5gs/amf.yaml' (../lib/app/ogs-init.c:144)
09/27 07:46:41.313: [app] INFO: File Logging: '/open5gs/install/var/log/open5gs/amf.log' (../lib/app/ogs-init.c:147)
09/27 07:46:41.322: [sbi] INFO: Setup NF EndPoint(addr) [172.22.0.12:7777] (../lib/sbi/context.c:451)
09/27 07:46:41.322: [sbi] INFO: Setup NF EndPoint(addr) [172.22.0.35:7777] (../lib/sbi/context.c:499)
09/27 07:46:41.323: [metrics] INFO: metrics_server() [http://172.22.0.10]:9091 (../lib/metrics/prometheus/context.c:392)
09/27 07:46:41.323: [sbi] INFO: NF Service [namf-comm] (../lib/sbi/context.c:2012)
09/27 07:46:41.324: [sbi] INFO: nghttp2_server() [http://172.22.0.10]:7777 (../lib/sbi/nghttp2-server.c:454)
09/27 07:46:41.388: [amf] INFO: ngap_server() [172.22.0.10]:38412 (../src/amf/ngap-sctp.c:61)
09/27 07:46:41.390: [sctp] INFO: AMF initialize...done (../src/amf/app.c:33)
09/27 07:46:44.462: [sbi] WARNING: Couldn't connect to server (7): Failed to connect to 172.22.0.35 port 7777 after 3073 ms: No route to host (../lib/sbi/client.c:767)
09/27 07:46:44.462: [sbi] WARNING: ogs_sbi_client_handler() failed [-1] (../lib/sbi/path.c:62)
09/27 07:46:49.345: [amf] INFO: gNB-N2 accepted[172.22.0.23]:50934 in ng-path module (../src/amf/ngap-sctp.c:113)
09/27 07:46:49.345: [amf] INFO: gNB-N2 accepted[172.22.0.23] in master_sm module (../src/amf/amf-sm.c:822)
09/27 07:46:49.359: [amf] INFO: [Added] Number of gNBs is now 1 (../src/amf/context.c:1277)
09/27 07:46:49.359: [amf] INFO: gNB-N2[172.22.0.23] max_num_of_ostreams : 10 (../src/amf/amf-sm.c:869)
09/27 07:46:52.327: [sbi] WARNING: [93f900a0-ba47-41f1-83fb-a53c2597d36b] Retry registration with NRF (../lib/sbi/nf-sm.c:282)
09/27 07:46:55.399: [sbi] WARNING: Couldn't connect to server (7): Failed to connect to 172.22.0.35 port 7777 after 3072 ms: No route to host (../lib/sbi/client.c:767)
09/27 07:46:55.399: [sbi] WARNING: ogs_sbi_client_handler() failed [-1] (../lib/sbi/path.c:62)
09/27 07:47:00.281: [amf] INFO: InitialUEMessage (../src/amf/ngap-handler.c:668)
09/27 07:47:00.282: [amf] INFO: [Added] Number of gNB-UEs is now 1 (../src/amf/context.c:2979)
09/27 07:47:00.282: [amf] INFO:     RAN_UE_NGAP_ID[1] AMF_UE_NGAP_ID[1] TAC[1] CellID[0x10] (../src/amf/ngap-handler.c:884)
09/27 07:47:00.282: [amf] INFO: [suci-0-001-01-0000-0-0-1234567895] Unknown UE by SUCI (../src/amf/context.c:1981)
09/27 07:47:00.282: [amf] INFO: [Added] Number of AMF-UEs is now 1 (../src/amf/context.c:1746)
09/27 07:47:00.282: [gmm] INFO: Registration request (../src/amf/gmm-sm.c:1706)
09/27 07:47:00.282: [gmm] INFO: [suci-0-001-01-0000-0-0-1234567895]    SUCI (../src/amf/gmm-handler.c:186)
09/27 07:47:03.330: [sbi] WARNING: [93f900a0-ba47-41f1-83fb-a53c2597d36b] Retry registration with NRF (../lib/sbi/nf-sm.c:282)
09/27 07:47:03.358: [sbi] WARNING: Couldn't connect to server (7): Failed to connect to 172.22.0.35 port 7777 after 3077 ms: No route to host (../lib/sbi/client.c:767)
09/27 07:47:03.359: [sbi] WARNING: ogs_sbi_client_handler() failed [-1] (../lib/sbi/path.c:126)
09/27 07:47:03.359: [sbi] WARNING: Couldn't connect to server (7): Failed to connect to 172.22.0.35 port 7777 after 29 ms: No route to host (../lib/sbi/client.c:767)
09/27 07:47:03.359: [sbi] WARNING: ogs_sbi_client_handler() failed [-1] (../lib/sbi/path.c:62)
09/27 07:47:14.342: [sbi] WARNING: [93f900a0-ba47-41f1-83fb-a53c2597d36b] Retry registration with NRF (../lib/sbi/nf-sm.c:282)
09/27 07:47:17.414: [sbi] WARNING: Couldn't connect to server (7): Failed to connect to 172.22.0.35 port 7777 after 3072 ms: No route to host (../lib/sbi/client.c:767)
09/27 07:47:17.414: [sbi] WARNING: ogs_sbi_client_handler() failed [-1] (../lib/sbi/path.c:62)
09/27 07:47:25.308: [amf] INFO: InitialUEMessage (../src/amf/ngap-handler.c:668)
09/27 07:47:25.309: [amf] INFO: [Added] Number of gNB-UEs is now 2 (../src/amf/context.c:2979)
09/27 07:47:25.309: [amf] INFO:     RAN_UE_NGAP_ID[2] AMF_UE_NGAP_ID[2] TAC[1] CellID[0x10] (../src/amf/ngap-handler.c:884)
09/27 07:47:25.309: [amf] INFO: [suci-0-001-01-0000-0-0-1234567895] known UE by SUCI (../src/amf/context.c:1979)
09/27 07:47:25.309: [amf] WARNING: [suci-0-001-01-0000-0-0-1234567895] Holding NG Context (../src/amf/amf-sm.c:1046)
09/27 07:47:25.309: [amf] WARNING: [suci-0-001-01-0000-0-0-1234567895]    RAN_UE_NGAP_ID[1] AMF_UE_NGAP_ID[1] (../src/amf/amf-sm.c:1046)
09/27 07:47:25.309: [gmm] WARNING: Registration request (../src/amf/gmm-sm.c:2248)
09/27 07:47:25.309: [gmm] INFO: [suci-0-001-01-0000-0-0-1234567895]    SUCI (../src/amf/gmm-handler.c:186)
09/27 07:47:25.309: [amf] WARNING: GUTI has already been allocated (../src/amf/context.c:1541)
09/27 07:47:25.343: [sbi] WARNING: [93f900a0-ba47-41f1-83fb-a53c2597d36b] Retry registration with NRF (../lib/sbi/nf-sm.c:282)
09/27 07:47:28.390: [sbi] WARNING: Couldn't connect to server (7): Failed to connect to 172.22.0.35 port 7777 after 3081 ms: No route to host (../lib/sbi/client.c:767)
09/27 07:47:28.390: [sbi] WARNING: ogs_sbi_client_handler() failed [-1] (../lib/sbi/path.c:126)
09/27 07:47:28.413: [sbi] WARNING: Couldn't connect to server (7): Failed to connect to 172.22.0.35 port 7777 after 3070 ms: No route to host (../lib/sbi/client.c:767)
09/27 07:47:28.413: [sbi] WARNING: ogs_sbi_client_handler() failed [-1] (../lib/sbi/path.c:62)
09/27 07:47:36.351: [sbi] WARNING: [93f900a0-ba47-41f1-83fb-a53c2597d36b] Retry registration with NRF (../lib/sbi/nf-sm.c:282)
09/27 07:47:39.430: [sbi] WARNING: Couldn't connect to server (7): Failed to connect to 172.22.0.35 port 7777 after 3079 ms: No route to host (../lib/sbi/client.c:767)
09/27 07:47:39.430: [sbi] WARNING: ogs_sbi_client_handler() failed [-1] (../lib/sbi/path.c:62)
09/27 07:47:47.361: [sbi] WARNING: [93f900a0-ba47-41f1-83fb-a53c2597d36b] Retry registration with NRF (../lib/sbi/nf-sm.c:282)
09/27 07:47:50.327: [amf] INFO: InitialUEMessage (../src/amf/ngap-handler.c:668)
09/27 07:47:50.328: [amf] INFO: [Added] Number of gNB-UEs is now 3 (../src/amf/context.c:2979)
09/27 07:47:50.328: [amf] INFO:     RAN_UE_NGAP_ID[3] AMF_UE_NGAP_ID[3] TAC[1] CellID[0x10] (../src/amf/ngap-handler.c:884)
09/27 07:47:50.328: [amf] INFO: [suci-0-001-01-0000-0-0-1234567895] known UE by SUCI (../src/amf/context.c:1979)
09/27 07:47:50.328: [amf] WARNING: [suci-0-001-01-0000-0-0-1234567895] Holding NG context already exists (../src/amf/amf-sm.c:1046)
09/27 07:47:50.328: [amf] WARNING: [suci-0-001-01-0000-0-0-1234567895]    RAN_UE_NGAP_ID[1] AMF_UE_NGAP_ID[1] (../src/amf/amf-sm.c:1046)
09/27 07:47:50.329: [amf] WARNING: [suci-0-001-01-0000-0-0-1234567895] Holding NG Context (../src/amf/amf-sm.c:1046)
09/27 07:47:50.329: [amf] WARNING: [suci-0-001-01-0000-0-0-1234567895]    RAN_UE_NGAP_ID[2] AMF_UE_NGAP_ID[2] (../src/amf/amf-sm.c:1046)
09/27 07:47:50.329: [gmm] WARNING: Registration request (../src/amf/gmm-sm.c:2248)
09/27 07:47:50.329: [gmm] INFO: [suci-0-001-01-0000-0-0-1234567895]    SUCI (../src/amf/gmm-handler.c:186)
09/27 07:47:50.329: [amf] WARNING: GUTI has already been allocated (../src/amf/context.c:1541)
09/27 07:47:50.330: [amf] INFO: UE Context Release [Action:1] (../src/amf/ngap-handler.c:2048)
09/27 07:47:50.330: [amf] INFO:     RAN_UE_NGAP_ID[1] AMF_UE_NGAP_ID[1] (../src/amf/ngap-handler.c:2049)
09/27 07:47:50.330: [amf] INFO: [Removed] Number of gNB-UEs is now 2 (../src/amf/context.c:2986)
09/27 07:47:50.438: [sbi] WARNING: Couldn't connect to server (7): Failed to connect to 172.22.0.35 port 7777 after 3077 ms: No route to host (../lib/sbi/client.c:767)
09/27 07:47:50.438: [sbi] WARNING: ogs_sbi_client_handler() failed [-1] (../lib/sbi/path.c:62)
09/27 07:47:50.439: [sbi] WARNING: Couldn't connect to server (7): Failed to connect to 172.22.0.35 port 7777 after 110 ms: No route to host (../lib/sbi/client.c:767)
09/27 07:47:50.439: [sbi] WARNING: ogs_sbi_client_handler() failed [-1] (../lib/sbi/path.c:126)
09/27 07:47:58.383: [sbi] WARNING: [93f900a0-ba47-41f1-83fb-a53c2597d36b] Retry registration with NRF (../lib/sbi/nf-sm.c:282)
09/27 07:48:01.478: [sbi] WARNING: Couldn't connect to server (7): Failed to connect to 172.22.0.35 port 7777 after 3092 ms: No route to host (../lib/sbi/client.c:767)
09/27 07:48:01.478: [sbi] WARNING: ogs_sbi_client_handler() failed [-1] (../lib/sbi/path.c:62)
09/27 07:48:09.393: [sbi] WARNING: [93f900a0-ba47-41f1-83fb-a53c2597d36b] Retry registration with NRF (../lib/sbi/nf-sm.c:282)
09/27 07:48:12.457: [sbi] WARNING: Couldn't connect to server (7): Failed to connect to 172.22.0.35 port 7777 after 3061 ms: No route to host (../lib/sbi/client.c:767)
09/27 07:48:12.457: [sbi] WARNING: ogs_sbi_client_handler() failed [-1] (../lib/sbi/path.c:62)
09/27 07:48:15.366: [amf] INFO: InitialUEMessage (../src/amf/ngap-handler.c:668)
09/27 07:48:15.367: [amf] INFO: [Added] Number of gNB-UEs is now 3 (../src/amf/context.c:2979)
09/27 07:48:15.367: [amf] INFO:     RAN_UE_NGAP_ID[4] AMF_UE_NGAP_ID[4] TAC[1] CellID[0x10] (../src/amf/ngap-handler.c:884)
09/27 07:48:15.367: [amf] INFO: [suci-0-001-01-0000-0-0-1234567895] known UE by SUCI (../src/amf/context.c:1979)
09/27 07:48:15.368: [amf] WARNING: [suci-0-001-01-0000-0-0-1234567895] Holding NG context already exists (../src/amf/amf-sm.c:1046)
09/27 07:48:15.368: [amf] WARNING: [suci-0-001-01-0000-0-0-1234567895]    RAN_UE_NGAP_ID[2] AMF_UE_NGAP_ID[2] (../src/amf/amf-sm.c:1046)
09/27 07:48:15.368: [amf] WARNING: [suci-0-001-01-0000-0-0-1234567895] Holding NG Context (../src/amf/amf-sm.c:1046)
09/27 07:48:15.368: [amf] WARNING: [suci-0-001-01-0000-0-0-1234567895]    RAN_UE_NGAP_ID[3] AMF_UE_NGAP_ID[3] (../src/amf/amf-sm.c:1046)
09/27 07:48:15.368: [gmm] WARNING: Registration request (../src/amf/gmm-sm.c:2248)
09/27 07:48:15.368: [gmm] INFO: [suci-0-001-01-0000-0-0-1234567895]    SUCI (../src/amf/gmm-handler.c:186)
09/27 07:48:15.368: [amf] WARNING: GUTI has already been allocated (../src/amf/context.c:1541)
09/27 07:48:15.373: [amf] INFO: UE Context Release [Action:1] (../src/amf/ngap-handler.c:2048)
09/27 07:48:15.373: [amf] INFO:     RAN_UE_NGAP_ID[2] AMF_UE_NGAP_ID[2] (../src/amf/ngap-handler.c:2049)
09/27 07:48:15.373: [amf] INFO: [Removed] Number of gNB-UEs is now 2 (../src/amf/context.c:2986)
09/27 07:48:18.438: [sbi] WARNING: Couldn't connect to server (7): Failed to connect to 172.22.0.35 port 7777 after 3069 ms: No route to host (../lib/sbi/client.c:767)
09/27 07:48:18.438: [sbi] WARNING: ogs_sbi_client_handler() failed [-1] (../lib/sbi/path.c:126)
09/27 07:48:20.395: [sbi] WARNING: [93f900a0-ba47-41f1-83fb-a53c2597d36b] Retry registration with NRF (../lib/sbi/nf-sm.c:282)
09/27 07:48:23.462: [sbi] WARNING: Couldn't connect to server (7): Failed to connect to 172.22.0.35 port 7777 after 3066 ms: No route to host (../lib/sbi/client.c:767)
09/27 07:48:23.462: [sbi] WARNING: ogs_sbi_client_handler() failed [-1] (../lib/sbi/path.c:62)
09/27 07:48:31.398: [sbi] WARNING: [93f900a0-ba47-41f1-83fb-a53c2597d36b] Retry registration with NRF (../lib/sbi/nf-sm.c:282)
09/27 07:48:34.471: [sbi] WARNING: Couldn't connect to server (7): Failed to connect to 172.22.0.35 port 7777 after 3065 ms: No route to host (../lib/sbi/client.c:767)
09/27 07:48:34.471: [sbi] WARNING: ogs_sbi_client_handler() failed [-1] (../lib/sbi/path.c:62)
09/27 07:48:40.378: [amf] INFO: InitialUEMessage (../src/amf/ngap-handler.c:668)
09/27 07:48:40.378: [amf] INFO: [Added] Number of gNB-UEs is now 3 (../src/amf/context.c:2979)
09/27 07:48:40.378: [amf] INFO:     RAN_UE_NGAP_ID[5] AMF_UE_NGAP_ID[5] TAC[1] CellID[0x10] (../src/amf/ngap-handler.c:884)
09/27 07:48:40.379: [amf] INFO: [suci-0-001-01-0000-0-0-1234567895] known UE by SUCI (../src/amf/context.c:1979)
09/27 07:48:40.379: [amf] WARNING: [suci-0-001-01-0000-0-0-1234567895] Holding NG context already exists (../src/amf/amf-sm.c:1046)
09/27 07:48:40.379: [amf] WARNING: [suci-0-001-01-0000-0-0-1234567895]    RAN_UE_NGAP_ID[3] AMF_UE_NGAP_ID[3] (../src/amf/amf-sm.c:1046)
09/27 07:48:40.381: [amf] WARNING: [suci-0-001-01-0000-0-0-1234567895] Holding NG Context (../src/amf/amf-sm.c:1046)
09/27 07:48:40.381: [amf] WARNING: [suci-0-001-01-0000-0-0-1234567895]    RAN_UE_NGAP_ID[4] AMF_UE_NGAP_ID[4] (../src/amf/amf-sm.c:1046)
09/27 07:48:40.381: [gmm] WARNING: Registration request (../src/amf/gmm-sm.c:2248)
09/27 07:48:40.381: [gmm] INFO: [suci-0-001-01-0000-0-0-1234567895]    SUCI (../src/amf/gmm-handler.c:186)
09/27 07:48:40.381: [amf] WARNING: GUTI has already been allocated (../src/amf/context.c:1541)
09/27 07:48:40.382: [amf] INFO: UE Context Release [Action:1] (../src/amf/ngap-handler.c:2048)
09/27 07:48:40.382: [amf] INFO:     RAN_UE_NGAP_ID[3] AMF_UE_NGAP_ID[3] (../src/amf/ngap-handler.c:2049)
09/27 07:48:40.383: [amf] INFO: [Removed] Number of gNB-UEs is now 2 (../src/amf/context.c:2986)
09/27 07:48:42.400: [sbi] WARNING: [93f900a0-ba47-41f1-83fb-a53c2597d36b] Retry registration with NRF (../lib/sbi/nf-sm.c:282)
09/27 07:48:43.462: [sbi] WARNING: Couldn't connect to server (7): Failed to connect to 172.22.0.35 port 7777 after 3080 ms: No route to host (../lib/sbi/client.c:767)
09/27 07:48:43.462: [sbi] WARNING: ogs_sbi_client_handler() failed [-1] (../lib/sbi/path.c:126)
09/27 07:48:43.462: [sbi] WARNING: Couldn't connect to server (7): Failed to connect to 172.22.0.35 port 7777 after 1061 ms: No route to host (../lib/sbi/client.c:767)
09/27 07:48:43.462: [sbi] WARNING: ogs_sbi_client_handler() failed [-1] (../lib/sbi/path.c:62)
09/27 07:48:53.411: [sbi] WARNING: [93f900a0-ba47-41f1-83fb-a53c2597d36b] Retry registration with NRF (../lib/sbi/nf-sm.c:282)
09/27 07:48:56.486: [sbi] WARNING: Couldn't connect to server (7): Failed to connect to 172.22.0.35 port 7777 after 3075 ms: No route to host (../lib/sbi/client.c:767)
09/27 07:48:56.486: [sbi] WARNING: ogs_sbi_client_handler() failed [-1] (../lib/sbi/path.c:62)
09/27 07:49:04.419: [sbi] WARNING: [93f900a0-ba47-41f1-83fb-a53c2597d36b] Retry registration with NRF (../lib/sbi/nf-sm.c:282)
09/27 07:49:07.494: [sbi] WARNING: Couldn't connect to server (7): Failed to connect to 172.22.0.35 port 7777 after 3074 ms: No route to host (../lib/sbi/client.c:767)
09/27 07:49:07.494: [sbi] WARNING: ogs_sbi_client_handler() failed [-1] (../lib/sbi/path.c:62)
09/27 07:49:10.384: [amf] WARNING: Implicit NG release (../src/amf/amf-sm.c:943)
09/27 07:49:10.384: [amf] WARNING:     RAN_UE_NGAP_ID[4] AMF_UE_NGAP_ID[4] (../src/amf/amf-sm.c:944)
09/27 07:49:10.384: [amf] INFO: UE Context Release [Action:1] (../src/amf/ngap-handler.c:2048)
09/27 07:49:10.384: [amf] INFO:     RAN_UE_NGAP_ID[4] AMF_UE_NGAP_ID[4] (../src/amf/ngap-handler.c:2049)
09/27 07:49:10.384: [amf] INFO: [Removed] Number of gNB-UEs is now 1 (../src/amf/context.c:2986)
09/27 07:49:15.426: [sbi] WARNING: [93f900a0-ba47-41f1-83fb-a53c2597d36b] Retry registration with NRF (../lib/sbi/nf-sm.c:282)
